2016-03-14T13:36:56.247:logger.d:__unittestL38_55:41 Test
2016-03-14T13:36:59.533:logger.d:__unittestL38_55:41 Test
2016-03-14T13:37:48.912:logger.d:__unittestL38_55:41 Test
2016-03-14T13:38:00.212:logger.d:__unittestL38_55:41 Test
2016-03-14T13:38:05.560:logger.d:__unittestL38_55:41 Test
2016-03-14T13:38:29.042:logger.d:__unittestL38_55:41 Test
2016-03-14T13:39:05.232:logger.d:__unittestL38_55:41 Test
2016-03-14T13:41:42.727:logger.d:__unittestL38_55:41 Test
2016-03-14T13:41:55.197:logger.d:__unittestL38_55:41 Test
2016-03-14T13:47:19.948:logger.d:__unittestL38_55:41 Test
2016-03-14T13:47:29.312:logger.d:__unittestL38_55:41 Test
2016-03-14T13:48:36.480:logger.d:__unittestL38_55:41 Test
2016-03-14T13:48:54.390:logger.d:__unittestL38_55:41 Test
2016-03-14T13:49:32.895:logger.d:__unittestL38_55:41 Test
2016-03-14T13:51:42.761:logger.d:__unittestL38_55:41 Test
2016-03-14T13:52:08.160:logger.d:__unittestL38_55:41 Test
2016-03-14T13:53:48.034:logger.d:__unittestL38_55:41 Test
2016-03-14T13:54:09.046:logger.d:__unittestL38_55:41 Test
2016-03-14T13:54:21.991:logger.d:__unittestL38_55:41 Test
2016-03-14T13:54:24.331:logger.d:__unittestL38_55:41 Test
2016-03-14T13:55:59.495:logger.d:__unittestL38_56:41 Test
2016-03-14T13:56:30.048:logger.d:__unittestL38_56:41 Test
2016-03-14T13:56:39.929:logger.d:__unittestL38_56:41 Test
2016-03-14T13:57:09.416:logger.d:__unittestL38_56:41 Test
2016-03-14T13:59:51.198:logger.d:__unittestL38_55:41 Test
2016-03-14T14:07:28.834:logger.d:__unittestL38_55:41 Test
2016-03-14T14:16:52.870:logger.d:__unittestL38_55:41 Test
2016-03-14T14:17:18.335:logger.d:__unittestL38_55:41 Test
2016-03-14T14:17:35.788:logger.d:__unittestL38_55:41 Test
2016-03-14T14:17:42.145:logger.d:__unittestL38_55:41 Test
2016-03-14T14:18:04.578:logger.d:__unittestL38_55:41 Test
2016-03-14T14:18:08.911:logger.d:__unittestL38_55:41 Test
2016-03-14T14:19:00.959:logger.d:__unittestL38_55:41 Test
2016-03-14T14:23:10.491:logger.d:__unittestL38_55:41 Test
2016-03-14T14:23:55.428:logger.d:__unittestL38_55:41 Test
2016-03-14T14:24:01.823:logger.d:__unittestL38_55:41 Test
2016-03-14T14:24:07.232:logger.d:__unittestL38_55:41 Test
2016-03-14T14:24:54.395:logger.d:__unittestL38_55:41 Test
2016-03-14T14:25:10.207:logger.d:__unittestL38_55:41 Test
2016-03-14T14:25:15.520:logger.d:__unittestL38_55:41 Test
2016-03-14T14:26:32.735:logger.d:__unittestL38_55:41 Test
2016-03-14T14:26:56.184:logger.d:__unittestL38_55:41 Test
2016-03-14T14:27:01.101:logger.d:__unittestL38_55:41 Test
2016-03-14T14:27:13.056:logger.d:__unittestL38_55:41 Test
2016-03-14T14:27:13.273:logger.d:__unittestL38_55:41 Test
2016-03-14T14:27:18.081:logger.d:__unittestL38_55:41 Test
2016-03-14T14:27:29.431:logger.d:__unittestL38_55:41 Test
2016-03-14T14:27:33.803:logger.d:__unittestL38_55:41 Test
2016-03-14T14:27:49.716:logger.d:__unittestL38_55:41 Test
2016-03-14T14:29:53.364:logger.d:__unittestL38_55:41 Test
2016-03-14T14:30:11.817:logger.d:__unittestL38_55:41 Test
2016-03-14T14:30:21.495:logger.d:__unittestL38_55:41 Test
2016-03-14T14:31:23.920:logger.d:__unittestL38_55:41 Test
2016-03-14T15:06:09.153:logger.d:__unittestL38_55:41 Test
2016-03-14T15:06:09.964:logger.d:__unittestL38_55:41 Test
2016-03-14T15:10:34.392:logger.d:__unittestL38_55:41 Test
2016-03-14T15:10:44.241:logger.d:__unittestL38_55:41 Test
2016-03-14T15:11:13.192:logger.d:__unittestL38_55:41 Test
2016-03-14T15:11:13.412:logger.d:__unittestL38_55:41 Test
2016-03-14T15:11:31.850:logger.d:__unittestL38_55:41 Test
2016-03-14T15:11:43.664:logger.d:__unittestL38_55:41 Test
2016-03-14T15:11:50.069:logger.d:__unittestL38_55:41 Test
2016-03-14T15:12:15.050:logger.d:__unittestL38_55:41 Test
2016-03-14T15:13:35.709:logger.d:__unittestL38_55:41 Test
2016-03-14T15:17:28.671:logger.d:__unittestL38_55:41 Test
2016-03-14T15:18:20.780:logger.d:__unittestL38_55:41 Test
2016-03-14T15:18:25.799:logger.d:__unittestL38_55:41 Test
2016-03-14T15:18:36.266:logger.d:__unittestL38_55:41 Test
2016-03-14T15:18:51.587:logger.d:__unittestL38_55:41 Test
2016-03-14T15:19:55.643:logger.d:__unittestL38_55:41 Test
2016-03-14T15:25:01.849:logger.d:__unittestL38_55:41 Test
2016-03-14T15:25:31.898:logger.d:__unittestL38_55:41 Test
2016-03-14T15:25:53.286:logger.d:__unittestL38_55:41 Test
2016-03-14T15:26:23.822:logger.d:__unittestL38_55:41 Test
2016-03-14T15:26:38.830:logger.d:__unittestL38_55:41 Test
2016-03-14T15:26:43.590:logger.d:__unittestL38_55:41 Test
2016-03-14T15:27:00.034:logger.d:__unittestL38_55:41 Test
2016-03-14T15:27:09.429:logger.d:__unittestL38_55:41 Test
2016-03-14T15:27:23.343:logger.d:__unittestL38_55:41 Test
2016-03-14T15:31:46.902:logger.d:__unittestL38_55:41 Test
2016-03-14T15:33:14.594:logger.d:__unittestL38_55:41 Test
2016-03-14T15:34:28.651:logger.d:__unittestL38_55:41 Test
2016-03-14T15:35:09.216:logger.d:__unittestL38_55:41 Test
2016-03-14T15:35:29.133:logger.d:__unittestL38_55:41 Test
2016-03-14T15:35:59.570:logger.d:__unittestL38_55:41 Test
2016-03-14T15:36:20.494:logger.d:__unittestL38_55:41 Test
2016-03-14T15:37:09.024:logger.d:__unittestL38_55:41 Test
2016-03-14T15:37:19.884:logger.d:__unittestL38_55:41 Test
2016-03-14T15:37:23.171:logger.d:__unittestL38_55:41 Test
2016-03-14T15:37:32.986:logger.d:__unittestL38_55:41 Test
2016-03-14T15:39:08.256:logger.d:__unittestL38_55:41 Test
2016-03-14T15:39:22.179:logger.d:__unittestL38_55:41 Test
2016-03-14T15:40:31.932:logger.d:__unittestL38_56:41 Test
2016-03-14T15:41:14.981:logger.d:__unittestL38_56:41 Test
2016-03-14T15:41:21.327:logger.d:__unittestL38_56:41 Test
2016-03-14T15:41:40.353:logger.d:__unittestL38_56:41 Test
2016-03-14T15:42:09.882:logger.d:__unittestL38_56:41 Test
2016-03-14T15:43:25.610:logger.d:__unittestL38_56:41 Test
2016-03-14T15:43:46.597:logger.d:__unittestL38_56:41 Test
2016-03-14T15:43:55.562:logger.d:__unittestL38_56:41 Test
2016-03-14T15:44:34.579:logger.d:__unittestL38_56:41 Test
2016-03-14T15:47:08.609:logger.d:__unittestL38_55:41 Test
2016-03-14T15:48:49.700:logger.d:__unittestL38_55:41 Test
2016-03-14T15:49:33.570:logger.d:__unittestL38_55:41 Test
2016-03-14T15:50:01.360:logger.d:__unittestL38_55:41 Test
2016-03-14T15:50:25.072:logger.d:__unittestL38_55:41 Test
2016-03-14T15:50:37.697:logger.d:__unittestL38_55:41 Test
2016-03-14T15:50:53.342:logger.d:__unittestL38_55:41 Test
2016-03-14T15:50:58.454:logger.d:__unittestL38_55:41 Test
2016-03-14T15:55:27.700:logger.d:__unittestL38_55:41 Test
2016-03-14T15:56:10.864:logger.d:__unittestL38_55:41 Test
2016-03-14T15:56:26.052:logger.d:__unittestL38_55:41 Test
2016-03-14T15:56:46.319:logger.d:__unittestL38_55:41 Test
2016-03-14T15:56:49.702:logger.d:__unittestL38_55:41 Test
2016-03-14T15:57:11.429:logger.d:__unittestL38_55:41 Test
2016-03-14T15:57:15.619:logger.d:__unittestL38_55:41 Test
2016-03-14T15:58:00.211:logger.d:__unittestL38_55:41 Test
2016-03-14T15:59:03.071:logger.d:__unittestL38_55:41 Test
2016-03-14T15:59:45.248:logger.d:__unittestL38_55:41 Test
2016-03-14T15:59:59.842:logger.d:__unittestL38_55:41 Test
2016-03-14T16:00:04.240:logger.d:__unittestL38_55:41 Test
2016-03-14T16:00:42.465:logger.d:__unittestL38_55:41 Test
2016-03-14T16:01:22.665:logger.d:__unittestL38_55:41 Test
2016-03-14T16:01:30.890:logger.d:__unittestL38_55:41 Test
2016-03-14T16:01:38.033:logger.d:__unittestL38_55:41 Test
2016-03-14T16:01:43.412:logger.d:__unittestL38_55:41 Test
2016-03-14T16:04:04.878:logger.d:__unittestL38_55:41 Test
2016-03-14T16:04:22.048:logger.d:__unittestL38_55:41 Test
2016-03-14T16:07:08.612:logger.d:__unittestL38_55:41 Test
2016-03-14T16:07:30.446:logger.d:__unittestL38_55:41 Test
2016-03-14T16:07:33.922:logger.d:__unittestL38_55:41 Test
2016-03-14T16:07:42.764:logger.d:__unittestL38_55:41 Test
2016-03-14T16:07:49.490:logger.d:__unittestL38_55:41 Test
2016-03-14T16:08:37.653:logger.d:__unittestL38_55:41 Test
2016-03-14T16:08:56.265:logger.d:__unittestL38_55:41 Test
2016-03-14T16:09:01.626:logger.d:__unittestL38_55:41 Test
2016-03-14T16:09:10.327:logger.d:__unittestL38_55:41 Test
2016-03-14T16:09:32.047:logger.d:__unittestL38_55:41 Test
2016-03-14T16:18:30.143:logger.d:__unittestL38_55:41 Test
2016-03-14T16:18:56.278:logger.d:__unittestL38_55:41 Test
2016-03-14T16:37:40.065:logger.d:__unittestL38_55:41 Test
2016-03-14T16:38:55.740:logger.d:__unittestL38_55:41 Test
2016-03-14T16:39:12.076:logger.d:__unittestL38_55:41 Test
2016-03-14T16:39:29.597:logger.d:__unittestL38_55:41 Test
2016-03-14T16:40:52.971:logger.d:__unittestL38_55:41 Test
2016-03-14T16:50:59.977:logger.d:__unittestL38_55:41 Test
2016-03-14T16:51:16.221:logger.d:__unittestL38_55:41 Test
2016-03-14T16:52:02.582:logger.d:__unittestL38_55:41 Test
2016-03-14T16:52:15.260:logger.d:__unittestL38_55:41 Test
2016-03-14T17:00:09.813:logger.d:__unittestL38_55:41 Test
2016-03-14T17:00:42.101:logger.d:__unittestL38_55:41 Test
2016-03-14T17:01:05.181:logger.d:__unittestL38_55:41 Test
2016-03-14T17:01:28.831:logger.d:__unittestL38_55:41 Test
2016-03-14T17:01:32.869:logger.d:__unittestL38_55:41 Test
2016-03-14T17:01:50.532:logger.d:__unittestL38_55:41 Test
2016-03-14T17:04:58.485:logger.d:__unittestL38_55:41 Test
2016-03-14T17:05:30.998:logger.d:__unittestL38_55:41 Test
2016-03-14T17:05:44.914:logger.d:__unittestL38_55:41 Test
2016-03-14T17:05:49.284:logger.d:__unittestL38_55:41 Test
2016-03-14T17:06:38.540:logger.d:__unittestL38_55:41 Test
2016-03-14T17:10:59.227:logger.d:__unittestL38_55:41 Test
2016-03-14T17:12:58.430:logger.d:__unittestL38_55:41 Test
2016-03-14T17:17:08.814:logger.d:__unittestL38_55:41 Test
2016-03-14T17:17:12.820:logger.d:__unittestL38_55:41 Test
2016-03-14T18:25:05.359:logger.d:__unittestL38_55:41 Test
2016-03-14T18:26:27.487:logger.d:__unittestL38_55:41 Test
2016-03-14T18:26:58.102:logger.d:__unittestL38_55:41 Test
2016-03-14T18:27:18.628:logger.d:__unittestL38_55:41 Test
2016-03-14T18:27:57.296:logger.d:__unittestL38_55:41 Test
2016-03-14T18:29:21.268:logger.d:__unittestL38_55:41 Test
2016-03-14T18:29:25.313:logger.d:__unittestL38_55:41 Test
2016-03-14T18:45:08.425:logger.d:__unittestL38_55:41 Test
2016-03-14T18:45:52.915:logger.d:__unittestL38_55:41 Test
2016-03-14T18:45:57.147:logger.d:__unittestL38_55:41 Test
2016-03-14T18:46:11.252:logger.d:__unittestL38_55:41 Test
2016-03-14T18:49:45.843:logger.d:__unittestL38_55:41 Test
2016-03-14T18:50:13.585:logger.d:__unittestL38_55:41 Test
2016-03-14T18:50:26.696:logger.d:__unittestL38_55:41 Test
2016-03-14T18:50:41.456:logger.d:__unittestL38_55:41 Test
2016-03-14T18:50:52.206:logger.d:__unittestL38_55:41 Test
2016-03-14T18:51:18.429:logger.d:__unittestL38_55:41 Test
2016-03-14T18:51:21.742:logger.d:__unittestL38_55:41 Test
2016-03-14T18:51:25.842:logger.d:__unittestL38_55:41 Test
2016-03-14T18:51:29.958:logger.d:__unittestL38_55:41 Test
2016-03-14T18:53:33.439:logger.d:__unittestL38_55:41 Test
2016-03-14T18:53:37.642:logger.d:__unittestL38_55:41 Test
2016-03-14T18:53:47.466:logger.d:__unittestL38_55:41 Test
2016-03-14T19:01:50.717:logger.d:__unittestL38_55:41 Test
2016-03-14T19:02:07.720:logger.d:__unittestL38_55:41 Test
2016-03-14T19:02:23.403:logger.d:__unittestL38_55:41 Test
2016-03-14T21:23:56.424:logger.d:__unittestL38_55:41 Test
2016-03-14T21:50:18.122:logger.d:__unittestL38_55:41 Test
2016-03-14T21:50:55.830:logger.d:__unittestL38_55:41 Test
2016-03-14T21:53:34.939:logger.d:__unittestL38_55:41 Test
2016-03-14T21:55:15.562:logger.d:__unittestL38_55:41 Test
2016-03-14T21:55:50.894:logger.d:__unittestL38_55:41 Test
2016-03-14T21:55:59.685:logger.d:__unittestL38_55:41 Test
2016-03-14T21:56:48.243:logger.d:__unittestL38_55:41 Test
2016-03-14T21:58:04.654:logger.d:__unittestL38_55:41 Test
2016-03-14T21:58:17.400:logger.d:__unittestL38_55:41 Test
2016-03-14T21:58:53.725:logger.d:__unittestL38_55:41 Test
2016-03-14T21:59:00.211:logger.d:__unittestL38_55:41 Test
2016-03-14T21:59:14.258:logger.d:__unittestL38_55:41 Test
2016-03-14T21:59:19.902:logger.d:__unittestL38_55:41 Test
2016-03-14T21:59:32.767:logger.d:__unittestL38_55:41 Test
2016-03-14T22:01:09.897:logger.d:__unittestL38_55:41 Test
2016-03-14T22:01:55.174:logger.d:__unittestL38_55:41 Test
2016-03-14T22:03:19.985:logger.d:__unittestL38_55:41 Test
2016-03-14T22:03:39.037:logger.d:__unittestL38_55:41 Test
2016-03-14T22:03:43.086:logger.d:__unittestL38_55:41 Test
2016-03-14T22:04:36.913:logger.d:__unittestL38_55:41 Test
2016-03-14T22:04:51.819:logger.d:__unittestL38_55:41 Test
2016-03-14T22:05:01.693:logger.d:__unittestL38_55:41 Test
2016-03-14T22:05:04.943:logger.d:__unittestL38_55:41 Test
2016-03-14T22:05:23.397:logger.d:__unittestL38_55:41 Test
2016-03-14T22:05:26.647:logger.d:__unittestL38_55:41 Test
2016-03-14T22:05:36.379:logger.d:__unittestL38_55:41 Test
2016-03-14T22:05:42.368:logger.d:__unittestL38_55:41 Test
2016-03-14T22:06:17.838:logger.d:__unittestL38_55:41 Test
2016-03-14T22:06:42.640:logger.d:__unittestL38_55:41 Test
2016-03-14T22:11:22.313:logger.d:__unittestL38_55:41 Test
2016-03-14T22:12:18.743:logger.d:__unittestL38_55:41 Test
2016-03-14T22:12:27.353:logger.d:__unittestL38_55:41 Test
2016-03-14T22:12:41.434:logger.d:__unittestL38_55:41 Test
2016-03-14T22:12:52.491:logger.d:__unittestL38_55:41 Test
2016-03-14T22:12:59.161:logger.d:__unittestL38_55:41 Test
2016-03-14T22:14:18.197:logger.d:__unittestL38_55:41 Test
2016-03-14T22:14:25.078:logger.d:__unittestL38_55:41 Test
2016-03-14T23:25:29.312:logger.d:__unittestL38_55:41 Test
2016-03-14T23:26:38.556:logger.d:__unittestL38_55:41 Test
2016-03-14T23:28:58.146:logger.d:__unittestL38_55:41 Test
2016-03-14T23:29:26.650:logger.d:__unittestL38_55:41 Test
2016-03-14T23:29:45.097:logger.d:__unittestL38_55:41 Test
2016-03-14T23:31:19.372:logger.d:__unittestL38_55:41 Test
2016-03-14T23:31:26.813:logger.d:__unittestL38_55:41 Test
2016-03-14T23:31:48.297:logger.d:__unittestL38_55:41 Test
2016-03-14T23:32:06.861:logger.d:__unittestL38_55:41 Test
2016-03-14T23:32:20.835:logger.d:__unittestL38_55:41 Test
2016-03-14T23:32:24.689:logger.d:__unittestL38_55:41 Test
2016-03-14T23:32:49.075:logger.d:__unittestL38_55:41 Test
2016-03-14T23:33:02.926:logger.d:__unittestL38_55:41 Test
2016-03-14T23:33:06.692:logger.d:__unittestL38_55:41 Test
2016-03-14T23:33:13.984:logger.d:__unittestL38_55:41 Test
2016-03-14T23:33:36.956:logger.d:__unittestL38_55:41 Test
2016-03-14T23:35:11.365:logger.d:__unittestL38_55:41 Test
2016-03-14T23:35:39.497:logger.d:__unittestL38_55:41 Test
2016-03-14T23:36:09.314:logger.d:__unittestL38_55:41 Test
2016-03-14T23:36:20.771:logger.d:__unittestL38_55:41 Test
2016-03-14T23:36:53.726:logger.d:__unittestL38_55:41 Test
2016-03-14T23:37:34.576:logger.d:__unittestL38_55:41 Test
2016-03-14T23:38:17.042:logger.d:__unittestL38_55:41 Test
2016-03-14T23:38:32.096:logger.d:__unittestL38_55:41 Test
2016-03-14T23:43:16.949:logger.d:__unittestL38_55:41 Test
2016-03-14T23:48:50.093:logger.d:__unittestL38_55:41 Test
2016-03-14T23:49:04.110:logger.d:__unittestL38_55:41 Test
2016-03-15T01:00:29.380:logger.d:__unittestL38_55:41 Test
2016-03-15T01:02:28.491:logger.d:__unittestL38_55:41 Test
2016-03-15T01:02:52.190:logger.d:__unittestL38_55:41 Test
2016-03-15T01:03:11.055:logger.d:__unittestL38_55:41 Test
2016-03-15T01:03:18.879:logger.d:__unittestL38_55:41 Test
2016-03-15T01:05:38.323:logger.d:__unittestL38_55:41 Test
2016-03-15T15:59:26.525:logger.d:__unittestL38_55:41 Test
2016-03-15T15:59:38.355:logger.d:__unittestL38_55:41 Test
2016-03-15T16:03:21.439:logger.d:__unittestL38_55:41 Test
2016-03-15T16:04:10.050:logger.d:__unittestL38_55:41 Test
2016-03-15T16:04:14.116:logger.d:__unittestL38_55:41 Test
2016-03-15T16:04:18.285:logger.d:__unittestL38_55:41 Test
2016-03-15T16:04:28.617:logger.d:__unittestL38_56:41 Test
2016-03-15T16:05:02.356:logger.d:__unittestL38_56:41 Test
2016-03-15T16:05:25.200:logger.d:__unittestL38_55:41 Test
2016-03-15T16:06:19.050:logger.d:__unittestL38_55:41 Test
2016-03-15T16:07:32.127:logger.d:__unittestL38_55:41 Test
2016-03-15T16:07:35.329:logger.d:__unittestL38_55:41 Test
2016-03-15T16:08:59.359:logger.d:__unittestL38_55:41 Test
2016-03-15T16:11:08.271:logger.d:__unittestL38_55:41 Test
2016-03-15T16:11:21.374:logger.d:__unittestL38_55:41 Test
2016-03-15T16:11:40.495:logger.d:__unittestL38_55:41 Test
2016-03-15T16:12:08.307:logger.d:__unittestL38_55:41 Test
2016-03-15T17:11:30.876:logger.d:__unittestL38_55:41 Test
2016-03-15T17:11:52.872:logger.d:__unittestL38_55:41 Test
2016-03-15T17:13:03.383:logger.d:__unittestL38_55:41 Test
2016-03-15T17:13:09.523:logger.d:__unittestL38_55:41 Test
2016-03-15T17:13:17.283:logger.d:__unittestL38_55:41 Test
2016-03-15T17:43:35.149:logger.d:__unittestL38_55:41 Test
2016-03-15T17:45:14.624:logger.d:__unittestL38_55:41 Test
2016-03-15T17:47:22.804:logger.d:__unittestL38_55:41 Test
2016-03-15T17:49:23.121:logger.d:__unittestL38_55:41 Test
2016-03-15T17:49:27.371:logger.d:__unittestL38_55:41 Test
2016-03-15T17:49:30.665:logger.d:__unittestL38_55:41 Test
2016-03-15T17:49:41.314:logger.d:__unittestL38_55:41 Test
2016-03-15T17:50:12.528:logger.d:__unittestL38_55:41 Test
2016-03-15T17:53:54.915:logger.d:__unittestL38_55:41 Test
2016-03-15T17:54:26.384:logger.d:__unittestL38_55:41 Test
2016-03-15T17:56:16.956:logger.d:__unittestL38_55:41 Test
2016-03-15T17:57:06.268:logger.d:__unittestL38_55:41 Test
2016-03-15T17:57:31.515:logger.d:__unittestL38_55:41 Test
2016-03-15T17:58:10.024:logger.d:__unittestL38_55:41 Test
2016-03-15T18:10:41.142:logger.d:__unittestL38_55:41 Test
2016-03-15T18:11:45.484:logger.d:__unittestL38_55:41 Test
2016-03-15T18:12:04.679:logger.d:__unittestL38_55:41 Test
2016-03-15T18:12:31.331:logger.d:__unittestL38_55:41 Test
2016-03-15T18:13:44.742:logger.d:__unittestL38_55:41 Test
2016-03-15T18:13:59.261:logger.d:__unittestL38_55:41 Test
2016-03-15T18:14:25.455:logger.d:__unittestL38_55:41 Test
2016-03-15T18:15:32.548:logger.d:__unittestL38_55:41 Test
2016-03-15T18:16:03.335:logger.d:__unittestL38_55:41 Test
2016-03-15T18:16:08.994:logger.d:__unittestL38_55:41 Test
2016-03-15T18:16:21.584:logger.d:__unittestL38_55:41 Test
2016-03-15T18:24:26.511:logger.d:__unittestL38_55:41 Test
2016-03-15T18:24:46.270:logger.d:__unittestL38_55:41 Test
2016-03-15T20:38:39.586:logger.d:__unittestL38_55:41 Test
2016-03-15T20:39:49.275:logger.d:__unittestL38_55:41 Test
2016-03-15T20:40:18.905:logger.d:__unittestL38_55:41 Test
2016-03-15T20:41:08.699:logger.d:__unittestL38_55:41 Test
2016-03-15T20:41:22.747:logger.d:__unittestL38_55:41 Test
2016-03-15T20:42:39.670:logger.d:__unittestL38_55:41 Test
2016-03-15T20:42:55.592:logger.d:__unittestL38_55:41 Test
2016-03-15T20:43:30.373:logger.d:__unittestL38_55:41 Test
2016-03-15T20:43:50.995:logger.d:__unittestL38_55:41 Test
2016-03-15T20:47:08.393:logger.d:__unittestL38_55:41 Test
2016-03-15T20:47:31.700:logger.d:__unittestL38_55:41 Test
2016-03-15T20:47:49.867:logger.d:__unittestL38_55:41 Test
2016-03-15T20:48:13.537:logger.d:__unittestL38_55:41 Test
2016-03-15T20:50:46.114:logger.d:__unittestL38_56:41 Test
2016-03-15T20:50:58.152:logger.d:__unittestL38_56:41 Test
2016-03-15T20:51:25.788:logger.d:__unittestL38_57:41 Test
2016-03-15T20:51:57.533:logger.d:__unittestL38_57:41 Test
2016-03-15T20:55:47.341:logger.d:__unittestL38_57:41 Test
2016-03-15T20:55:52.815:logger.d:__unittestL38_57:41 Test
2016-03-15T20:56:06.863:logger.d:__unittestL38_57:41 Test
2016-03-15T20:56:30.047:logger.d:__unittestL38_57:41 Test
2016-03-15T20:57:25.326:logger.d:__unittestL38_57:41 Test
2016-03-15T20:58:12.559:logger.d:__unittestL38_57:41 Test
2016-03-15T21:58:12.628:logger.d:__unittestL38_57:41 Test
2016-03-15T21:59:33.568:logger.d:__unittestL38_57:41 Test
2016-03-15T22:23:38.474:logger.d:__unittestL38_57:41 Test
2016-03-15T22:23:52.316:logger.d:__unittestL38_57:41 Test
2016-03-15T22:24:07.999:logger.d:__unittestL38_57:41 Test
2016-03-15T22:24:32.222:logger.d:__unittestL38_57:41 Test
2016-03-15T22:25:14.131:logger.d:__unittestL38_57:41 Test
2016-03-15T22:25:38.399:logger.d:__unittestL38_57:41 Test
2016-03-15T22:27:15.645:logger.d:__unittestL38_57:41 Test
2016-03-15T22:27:33.853:logger.d:__unittestL38_57:41 Test
2016-03-15T22:27:48.553:logger.d:__unittestL38_57:41 Test
2016-03-15T22:27:59.238:logger.d:__unittestL38_57:41 Test
2016-03-16T14:35:44.606:logger.d:__unittestL38_60:41 Test
2016-03-16T14:36:29.800:logger.d:__unittestL38_60:41 Test
2016-03-16T14:37:33.707:logger.d:__unittestL38_60:41 Test
2016-03-16T14:39:06.367:logger.d:__unittestL38_60:41 Test
2016-03-16T14:40:02.412:logger.d:__unittestL38_60:41 Test
2016-03-16T14:43:28.526:logger.d:__unittestL38_60:41 Test
2016-03-16T14:44:41.939:logger.d:__unittestL38_60:41 Test
2016-03-16T14:44:49.063:logger.d:__unittestL38_60:41 Test
2016-03-16T15:07:30.958:logger.d:__unittestL38_60:41 Test
2016-03-16T15:08:13.821:logger.d:__unittestL38_60:41 Test
2016-03-16T15:08:34.141:logger.d:__unittestL38_60:41 Test
2016-03-16T15:10:02.913:logger.d:__unittestL38_60:41 Test
2016-03-16T15:10:38.418:logger.d:__unittestL38_60:41 Test
2016-03-16T15:10:41.749:logger.d:__unittestL38_60:41 Test
2016-03-16T15:10:45.148:logger.d:__unittestL38_60:41 Test
2016-03-16T18:08:44.621:logger.d:__unittestL38_60:41 Test
2016-03-16T18:08:55.995:logger.d:__unittestL38_60:41 Test
2016-03-16T18:09:11.920:logger.d:__unittestL38_60:41 Test
2016-03-16T18:09:43.923:logger.d:__unittestL38_60:41 Test
2016-03-16T18:09:47.182:logger.d:__unittestL38_60:41 Test
2016-03-16T19:33:27.394:logger.d:__unittestL38_60:41 Test
2016-03-16T19:34:57.872:logger.d:__unittestL38_60:41 Test
2016-03-16T19:39:10.606:logger.d:__unittestL38_60:41 Test
2016-03-16T19:39:51.503:logger.d:__unittestL38_60:41 Test
2016-03-16T19:39:54.870:logger.d:__unittestL38_60:41 Test
2016-03-16T19:40:12.990:logger.d:__unittestL38_60:41 Test
2016-03-16T19:40:19.837:logger.d:__unittestL38_60:41 Test
2016-03-16T19:40:23.629:logger.d:__unittestL38_60:41 Test
2016-03-16T19:40:36.930:logger.d:__unittestL38_60:41 Test
2016-03-16T19:40:40.430:logger.d:__unittestL38_60:41 Test
2016-03-16T19:40:51.792:logger.d:__unittestL38_60:41 Test
2016-03-16T19:40:55.227:logger.d:__unittestL38_60:41 Test
2016-03-16T19:41:11.639:logger.d:__unittestL38_60:41 Test
2016-03-16T19:41:14.973:logger.d:__unittestL38_60:41 Test
2016-03-17T02:50:19.411:logger.d:__unittestL38_60:41 Test
2016-03-17T02:50:47.070:logger.d:__unittestL38_60:41 Test
2016-03-17T02:51:09.833:logger.d:__unittestL38_60:41 Test
2016-03-17T02:51:13.990:logger.d:__unittestL38_60:41 Test
2016-03-17T02:52:35.910:logger.d:__unittestL38_60:41 Test
2016-03-17T02:52:55.711:logger.d:__unittestL38_60:41 Test
2016-03-17T02:54:21.488:logger.d:__unittestL38_60:41 Test
2016-03-17T02:54:36.313:logger.d:__unittestL38_60:41 Test
2016-03-17T02:55:00.780:logger.d:__unittestL38_60:41 Test
2016-03-17T02:55:39.930:logger.d:__unittestL38_60:41 Test
2016-03-17T02:55:56.197:logger.d:__unittestL38_60:41 Test
2016-03-17T02:57:10.963:logger.d:__unittestL38_60:41 Test
2016-03-17T02:57:15.137:logger.d:__unittestL38_60:41 Test
2016-03-17T02:57:40.653:logger.d:__unittestL38_60:41 Test
2016-03-17T02:58:03.898:logger.d:__unittestL38_60:41 Test
2016-03-17T02:58:17.721:logger.d:__unittestL38_60:41 Test
2016-03-17T02:58:32.644:logger.d:__unittestL38_60:41 Test
2016-03-17T02:58:36.894:logger.d:__unittestL38_60:41 Test
2016-03-17T02:58:53.573:logger.d:__unittestL38_60:41 Test
2016-03-17T02:59:14.766:logger.d:__unittestL38_60:41 Test
2016-03-17T02:59:19.052:logger.d:__unittestL38_60:41 Test
2016-03-17T02:59:26.532:logger.d:__unittestL38_60:41 Test
2016-03-17T03:00:01.435:logger.d:__unittestL38_60:41 Test
2016-03-17T03:00:25.448:logger.d:__unittestL38_60:41 Test
2016-03-17T03:00:29.772:logger.d:__unittestL38_60:41 Test
2016-03-17T03:00:38.279:logger.d:__unittestL38_60:41 Test
2016-03-17T03:01:27.992:logger.d:__unittestL38_60:41 Test
2016-03-17T03:01:53.433:logger.d:__unittestL38_60:41 Test
2016-03-17T03:02:16.774:logger.d:__unittestL38_60:41 Test
2016-03-17T03:02:26.125:logger.d:__unittestL38_60:41 Test
2016-03-17T03:03:22.670:logger.d:__unittestL38_60:41 Test
2016-03-17T13:50:02.439:logger.d:__unittestL38_60:41 Test
2016-03-17T13:50:07.148:logger.d:__unittestL38_60:41 Test
2016-03-17T13:51:37.182:logger.d:__unittestL38_60:41 Test
2016-03-17T13:51:47.024:logger.d:__unittestL38_60:41 Test
2016-03-17T13:51:51.896:logger.d:__unittestL38_60:41 Test
2016-03-17T13:52:13.443:logger.d:__unittestL38_60:41 Test
2016-03-17T13:52:19.421:logger.d:__unittestL38_60:41 Test
2016-03-17T13:52:33.084:logger.d:__unittestL38_60:41 Test
2016-03-17T13:52:37.531:logger.d:__unittestL38_60:41 Test
2016-03-17T13:52:47.481:logger.d:__unittestL38_60:41 Test
2016-03-17T13:53:05.126:logger.d:__unittestL38_60:41 Test
2016-03-17T13:54:15.911:logger.d:__unittestL38_60:41 Test
2016-03-17T13:57:56.028:logger.d:__unittestL38_60:41 Test
2016-03-17T13:58:01.004:logger.d:__unittestL38_60:41 Test
2016-03-17T13:58:43.744:logger.d:__unittestL38_60:41 Test
2016-03-17T13:58:53.297:logger.d:__unittestL38_60:41 Test
2016-03-17T14:01:11.398:logger.d:__unittestL38_60:41 Test
2016-03-17T14:01:18.971:logger.d:__unittestL38_60:41 Test
2016-03-17T14:03:49.299:logger.d:__unittestL38_60:41 Test
2016-03-17T14:04:17.911:logger.d:__unittestL38_60:41 Test
2016-03-17T14:05:29.712:logger.d:__unittestL38_60:41 Test
2016-03-17T14:07:18.214:logger.d:__unittestL38_60:41 Test
2016-03-17T14:07:19.010:logger.d:__unittestL38_60:41 Test
2016-03-17T14:07:27.096:logger.d:__unittestL38_60:41 Test
2016-03-17T14:07:31.109:logger.d:__unittestL38_60:41 Test
2016-03-17T14:08:07.294:logger.d:__unittestL38_60:41 Test
2016-03-17T14:08:23.369:logger.d:__unittestL38_60:41 Test
2016-03-17T14:08:49.543:logger.d:__unittestL38_60:41 Test
2016-03-17T14:09:04.635:logger.d:__unittestL38_60:41 Test
2016-03-17T14:09:57.433:logger.d:__unittestL38_60:41 Test
2016-03-17T14:10:35.655:logger.d:__unittestL38_60:41 Test
2016-03-17T14:11:05.388:logger.d:__unittestL38_60:41 Test
2016-03-17T14:11:13.506:logger.d:__unittestL38_60:41 Test
2016-03-17T14:11:40.719:logger.d:__unittestL38_60:41 Test
2016-03-17T14:22:58.729:logger.d:__unittestL38_60:41 Test
2016-03-17T14:29:19.008:logger.d:__unittestL38_60:41 Test
2016-03-17T14:29:39.186:logger.d:__unittestL38_60:41 Test
2016-03-17T14:29:45.942:logger.d:__unittestL38_60:41 Test
2016-03-17T14:30:24.799:logger.d:__unittestL38_60:41 Test
2016-03-17T16:14:52.220:logger.d:__unittestL38_60:41 Test
2016-03-17T16:14:57.340:logger.d:__unittestL38_60:41 Test
2016-03-17T16:15:58.171:logger.d:__unittestL38_60:41 Test
2016-03-17T16:16:22.947:logger.d:__unittestL38_60:41 Test
2016-03-17T16:17:40.776:logger.d:__unittestL38_60:41 Test
2016-03-17T16:17:47.874:logger.d:__unittestL38_60:41 Test
2016-03-17T16:17:56.525:logger.d:__unittestL38_60:41 Test
2016-03-17T16:21:01.100:logger.d:__unittestL38_60:41 Test
2016-03-17T16:21:56.902:logger.d:__unittestL38_60:41 Test
2016-03-17T16:22:08.028:logger.d:__unittestL38_60:41 Test
2016-03-17T16:22:50.041:logger.d:__unittestL38_60:41 Test
2016-03-17T16:23:12.946:logger.d:__unittestL38_60:41 Test
2016-03-17T16:23:26.152:logger.d:__unittestL38_60:41 Test
2016-03-17T16:23:42.276:logger.d:__unittestL38_60:41 Test
2016-03-17T16:23:49.359:logger.d:__unittestL38_60:41 Test
2016-03-17T16:27:06.050:logger.d:__unittestL38_60:41 Test
2016-03-17T18:14:25.187:logger.d:__unittestL38_60:41 Test
2016-03-17T18:14:56.396:logger.d:__unittestL38_60:41 Test
2016-03-17T18:15:21.047:logger.d:__unittestL38_60:41 Test
2016-03-17T18:15:53.977:logger.d:__unittestL38_60:41 Test
2016-03-17T18:16:20.710:logger.d:__unittestL38_66:41 Test
2016-03-17T18:17:18.115:logger.d:__unittestL38_60:41 Test
2016-03-17T18:17:28.788:logger.d:__unittestL38_60:41 Test
2016-03-17T18:17:33.945:logger.d:__unittestL38_60:41 Test
2016-03-17T18:18:01.172:logger.d:__unittestL38_60:41 Test
2016-03-17T18:18:17.766:logger.d:__unittestL38_60:41 Test
2016-03-17T18:18:17.981:logger.d:__unittestL38_60:41 Test
2016-03-17T18:52:32.854:logger.d:__unittestL38_60:41 Test
2016-03-17T18:52:43.954:logger.d:__unittestL38_60:41 Test
2016-03-17T18:53:09.599:logger.d:__unittestL38_60:41 Test
2016-03-17T18:53:17.600:logger.d:__unittestL38_60:41 Test
2016-03-17T18:53:26.728:logger.d:__unittestL38_60:41 Test
2016-03-17T18:54:19.535:logger.d:__unittestL38_60:41 Test
2016-03-17T18:55:19.835:logger.d:__unittestL38_60:41 Test
2016-03-17T18:55:36.892:logger.d:__unittestL38_60:41 Test
2016-03-17T18:55:54.766:logger.d:__unittestL38_60:41 Test
2016-03-17T18:56:32.612:logger.d:__unittestL38_60:41 Test
2016-03-17T18:58:04.233:logger.d:__unittestL38_60:41 Test
2016-03-17T18:58:42.170:logger.d:__unittestL38_60:41 Test
2016-03-17T18:59:05.927:logger.d:__unittestL38_60:41 Test
2016-03-17T18:59:10.100:logger.d:__unittestL38_60:41 Test
2016-03-17T19:02:00.949:logger.d:__unittestL38_60:41 Test
2016-03-17T19:02:24.184:logger.d:__unittestL38_60:41 Test
2016-03-17T19:02:40.344:logger.d:__unittestL38_60:41 Test
2016-03-17T19:10:55.711:logger.d:__unittestL38_60:41 Test
2016-03-17T19:11:01.127:logger.d:__unittestL38_60:41 Test
2016-03-17T19:11:16.228:logger.d:__unittestL38_60:41 Test
2016-03-17T19:11:36.509:logger.d:__unittestL38_60:41 Test
2016-03-17T19:12:07.801:logger.d:__unittestL38_60:41 Test
2016-03-17T19:12:16.386:logger.d:__unittestL38_60:41 Test
2016-03-17T19:12:20.552:logger.d:__unittestL38_60:41 Test
2016-03-17T19:12:35.650:logger.d:__unittestL38_60:41 Test
2016-03-17T19:12:39.846:logger.d:__unittestL38_60:41 Test
2016-03-17T19:12:59.046:logger.d:__unittestL38_60:41 Test
2016-03-17T19:15:21.751:logger.d:__unittestL38_60:41 Test
2016-03-17T19:15:44.933:logger.d:__unittestL38_60:41 Test
2016-03-17T19:16:00.075:logger.d:__unittestL38_60:41 Test
2016-03-17T19:16:00.301:logger.d:__unittestL38_60:41 Test
2016-03-18T13:24:27.074:logger.d:__unittestL38_60:41 Test
2016-03-18T13:24:35.734:logger.d:__unittestL38_60:41 Test
2016-03-18T13:24:52.198:logger.d:__unittestL38_60:41 Test
2016-03-18T13:25:44.799:logger.d:__unittestL38_60:41 Test
2016-03-18T13:26:38.137:logger.d:__unittestL38_60:41 Test
2016-03-19T23:38:21.836:logger.d:__unittestL38_60:41 Test
2016-03-19T23:40:25.415:logger.d:__unittestL38_60:41 Test
2016-03-19T23:40:47.642:logger.d:__unittestL38_60:41 Test
2016-03-19T23:40:57.220:logger.d:__unittestL38_60:41 Test
2016-03-19T23:43:05.559:logger.d:__unittestL38_60:41 Test
2016-03-19T23:43:34.811:logger.d:__unittestL38_60:41 Test
2016-03-19T23:43:54.400:logger.d:__unittestL38_60:41 Test
2016-03-19T23:44:05.720:logger.d:__unittestL38_60:41 Test
2016-03-19T23:44:05.951:logger.d:__unittestL38_60:41 Test
2016-03-19T23:44:16.096:logger.d:__unittestL38_60:41 Test
2016-03-19T23:45:45.645:logger.d:__unittestL38_60:41 Test
2016-03-19T23:45:45.893:logger.d:__unittestL38_60:41 Test
2016-03-19T23:45:57.175:logger.d:__unittestL38_60:41 Test
2016-03-19T23:47:00.583:logger.d:__unittestL38_60:41 Test
2016-03-19T23:47:43.241:logger.d:__unittestL38_60:41 Test
2016-03-19T23:47:53.868:logger.d:__unittestL38_60:41 Test
2016-03-20T00:05:28.876:logger.d:__unittestL38_60:41 Test
2016-03-20T00:26:25.070:logger.d:__unittestL38_60:41 Test
2016-03-20T00:26:25.287:logger.d:__unittestL38_60:41 Test
2016-03-20T00:26:34.854:logger.d:__unittestL38_60:41 Test
2016-03-20T00:27:09.511:logger.d:__unittestL38_60:41 Test
2016-03-20T00:27:21.197:logger.d:__unittestL38_60:41 Test
2016-03-20T00:27:45.368:logger.d:__unittestL38_60:41 Test
2016-03-20T00:28:06.488:logger.d:__unittestL38_60:41 Test
2016-03-20T00:28:21.626:logger.d:__unittestL38_60:41 Test
2016-03-20T00:40:22.277:logger.d:__unittestL38_60:41 Test
2016-03-20T00:40:45.436:logger.d:__unittestL38_60:41 Test
2016-03-20T00:40:52.562:logger.d:__unittestL38_60:41 Test
2016-03-20T00:41:29.885:logger.d:__unittestL38_60:41 Test
2016-03-20T00:42:54.811:logger.d:__unittestL38_60:41 Test
2016-03-20T00:43:28.596:logger.d:__unittestL38_60:41 Test
2016-03-20T00:43:47.328:logger.d:__unittestL38_60:41 Test
2016-03-20T00:44:03.477:logger.d:__unittestL38_60:41 Test
2016-03-20T00:44:12.094:logger.d:__unittestL38_60:41 Test
2016-03-20T00:44:19.652:logger.d:__unittestL38_60:41 Test
2016-03-20T00:45:03.573:logger.d:__unittestL38_60:41 Test
2016-03-20T00:45:26.816:logger.d:__unittestL38_60:41 Test
2016-03-20T00:45:36.918:logger.d:__unittestL38_60:41 Test
2016-03-20T00:45:52.988:logger.d:__unittestL38_60:41 Test
2016-03-20T00:46:02.053:logger.d:__unittestL38_60:41 Test
2016-03-20T00:46:15.690:logger.d:__unittestL38_60:41 Test
2016-03-20T00:46:40.487:logger.d:__unittestL38_60:41 Test
2016-03-20T00:46:40.707:logger.d:__unittestL38_60:41 Test
2016-03-20T00:46:47.753:logger.d:__unittestL38_60:41 Test
2016-03-20T00:47:42.478:logger.d:__unittestL38_60:41 Test
2016-03-20T00:51:54.663:logger.d:__unittestL38_60:41 Test
2016-03-20T00:52:10.212:logger.d:__unittestL38_60:41 Test
2016-03-20T00:56:18.386:logger.d:__unittestL38_60:41 Test
2016-03-20T02:02:22.415:logger.d:__unittestL38_60:41 Test
2016-03-20T02:05:03.399:logger.d:__unittestL38_60:41 Test
2016-03-20T02:09:22.089:logger.d:__unittestL38_60:41 Test
2016-03-20T02:09:31.657:logger.d:__unittestL38_60:41 Test
2016-03-20T02:09:46.261:logger.d:__unittestL38_60:41 Test
2016-03-20T02:09:57.785:logger.d:__unittestL38_60:41 Test
2016-03-20T02:11:54.642:logger.d:__unittestL38_60:41 Test
2016-03-20T02:12:02.307:logger.d:__unittestL38_60:41 Test
2016-03-20T02:13:29.913:logger.d:__unittestL38_60:41 Test
2016-03-20T02:13:49.124:logger.d:__unittestL38_60:41 Test
2016-03-20T02:14:03.282:logger.d:__unittestL38_60:41 Test
2016-03-20T02:14:03.610:logger.d:__unittestL38_60:41 Test
2016-03-20T02:14:12.674:logger.d:__unittestL38_60:41 Test
2016-03-20T02:14:39.491:logger.d:__unittestL38_60:41 Test
2016-03-20T02:16:29.602:logger.d:__unittestL38_60:41 Test
2016-03-20T02:17:03.377:logger.d:__unittestL38_60:41 Test
2016-03-20T02:17:16.595:logger.d:__unittestL38_60:41 Test
2016-03-20T02:17:16.840:logger.d:__unittestL38_60:41 Test
2016-03-20T02:17:21.999:logger.d:__unittestL38_60:41 Test
2016-03-20T02:17:25.084:logger.d:__unittestL38_60:41 Test
2016-03-20T02:17:37.691:logger.d:__unittestL38_60:41 Test
2016-03-20T02:27:19.940:logger.d:__unittestL38_60:41 Test
2016-03-20T13:37:24.914:logger.d:__unittestL38_60:41 Test
2016-03-20T13:37:35.106:logger.d:__unittestL38_61:41 Test
2016-03-20T13:38:18.890:logger.d:__unittestL38_61:41 Test
2016-03-20T13:38:31.538:logger.d:__unittestL38_61:41 Test
